// Jest Snapshot v1, https://goo.gl/fbAQLP

exports[`Aldiko 1`] = `15`;

exports[`OPDS 1`] = `15`;

exports[`Stanza 1`] = `15`;

exports[`靜讀天下 1`] = `15`;
